parameters:
 {'': {}, 'molecule': (0, 0, 0, 'H       -0.9450370725    -0.0000000000     1.1283908757\nC       -0.0000000000     0.0000000000     0.5267587663\nH        0.9450370725     0.0000000000     1.1283908757\nO        0.0000000000    -0.0000000000    -0.6771667936\n', ['H', 'C', 'H', 'O'], [-0.9450370725, -0.0, 1.1283908757, -0.0, 0.0, 0.5267587663, 0.9450370725, 0.0, 1.1283908757, 0.0, -0.0, -0.6771667936]), 'end': {}, 'rem': {'method': 'pbe0', 'basis': '3-21g', 'thresh': 14, 'sym_ignore': 1, 'cis_n_roots': 5, 'rpa': 2, 'cis_triplets': 0, 'mem_total': 30000}, 'polariton': {'cavity_mode': [0.005, 0.0, 0.0], 'cavity_freq': 0.294, 'cavity_model': 'jc', 'rpa': 2, 'solver_algorithm': 'davidson_qr', 'solver_conv_prop': 'energy', 'solver_conv_thresh': 9, 'nstates': 10, 'target_states': 'any', 'level_shift': 0.001, 'resonance_state': 1}}
ground-state energy: -113.72769565894207
TDDFT energy:
   0.14733604    0.33859309    0.35613133    0.37876010    0.39343055 

trans_dipole:
  -0.00000000   -0.00000000    0.00000000 
   0.00000000   -0.13442366   -0.00000000 
  -0.95983301   -0.00000000   -0.00000000 
  -0.00000000   -0.00000000    0.34418112 
   0.00000000   -0.00000000    0.00000000 

trans_mag_dip:
  -0.00000000    0.00000000   -1.20540700 
   1.63062820   -0.00000000   -0.00000000 
   0.00000000    0.76331161    0.00000000 
   0.00000000    0.00000000    0.00000000 
   0.00000000   -0.00000000   -0.60153898 

TDDFT oscillator strength
   0.00000000    0.00407885    0.21873097    0.02991211    0.00000000 

TDDFT rotation strength
  -0.00000000    0.00000000   -0.00000000    0.00000000   -0.00000000 

qed_cavity_model: RPA/['JC', 'RWA', 'Rabi', 'PF']
cavity_mode:  [[0.1]
 [0. ]
 [0. ]]
cavity_freq:  [0.294]
change applied photon energy to a more suitable one as: 0.14733603929048408
photon frequency: [0.147336] strength: [0.1 0.  0. ]
scf_type: RKS
occupation: 2
has_offdiag inter-fragment coupling? False
ab_initio JC collective polariton energy:
   0.13689929    0.14733604    0.33859309    0.35920224    0.37876010    0.39343055    0.47491362    0.48050124    0.48119116    0.53736650 


ab_initio JC collective photon contribution:
   0.98504839    0.00000000    0.00000000    0.01370110    0.00000000    0.00000000    0.00001007    0.00000000    0.00000000    0.00000000 


ab_initio JC collective electron contribution:
   0.01495161    1.00000000    1.00000000    0.98629890    1.00000000    1.00000000    0.99998993    1.00000000    1.00000000    1.00000000 

state     energy(au)  photon          x           y           z           f            mx          my          mz           r
  1        0.13690    0.9850       0.3816     -0.0000     -0.0000      0.0133       -0.0000     -0.0693     -0.0000     -0.0000
  2        0.14734    0.0000       0.0000     -0.0000     -0.0000      0.0000        0.0000      0.0000     -1.2054      0.0000
  3        0.33859    0.0000       0.0000      0.1344     -0.0000      0.0041       -1.6306     -0.0000      0.0000     -0.0000
  4        0.35920    0.0137      -0.9137     -0.0000     -0.0000      0.1999       -0.0000      0.7531      0.0000      0.0000
  5        0.37876    0.0000      -0.0000     -0.0000      0.3442      0.0299        0.0000      0.0000     -0.0000     -0.0000
  6        0.39343    0.0000       0.0000      0.0000     -0.0000      0.0000       -0.0000      0.0000     -0.6015      0.0000
  7        0.47491    0.0000       0.0383     -0.0000     -0.0000      0.0005        0.0000      1.1103     -0.0000     -0.0000
  8        0.48050    0.0000       0.0000     -0.0452      0.0000      0.0007       -0.1214      0.0000     -0.0000     -0.0000
  9        0.48119    0.0000       0.0000      0.0000      1.1157      0.3993        0.0000      0.0000      0.0000      0.0000
 10        0.53737    0.0000      -0.0000      0.0000      0.8569      0.2630        0.0000      0.0000      0.0000      0.0000

State IPR: 
   0.00360542    3.31625167    3.30799778    3.33269835    1.64624837    3.73821117    3.79998798    3.60421411    1.36535434    2.68070595 


scf_type: RKS
occupation: 2
has_offdiag inter-fragment coupling? False
ab_initio RWA collective polariton energy:
   0.13792284    0.14733604    0.33859309    0.36694685    0.37929866    0.39343055    0.47489067    0.48050124    0.48114014    0.53770163 


ab_initio RWA collective photon contribution:
   0.98832769    0.00000000    0.00000000    0.01056421    0.00000000    0.00000000    0.00000776    0.00000000    0.00000000    0.00000000 


ab_initio RWA collective electron contribution:
   0.01167231    1.00000000    1.00000000    0.98943579    1.00000000    1.00000000    0.99999224    1.00000000    1.00000000    1.00000000 

state     energy(au)  photon          x           y           z           f            mx          my          mz           r
  1        0.13792    0.9883      -0.3448     -0.0000      0.0000      0.0109       -0.0000      0.0581      0.0000      0.0000
  2        0.14734    0.0000       0.0000      0.0000     -0.0000      0.0000       -0.0000     -0.0000     -1.2054      0.0000
  3        0.33859    0.0000      -0.0000     -0.1344      0.0000      0.0041        1.6306      0.0000     -0.0000     -0.0000
  4        0.36695    0.0106      -0.8316     -0.0000     -0.0000      0.1692       -0.0000      0.7345     -0.0000      0.0000
  5        0.37930    0.0000       0.0000     -0.0000     -0.3520      0.0313        0.0000     -0.0000      0.0000     -0.0000
  6        0.39343    0.0000       0.0000      0.0000     -0.0000      0.0000       -0.0000      0.0000      0.6015     -0.0000
  7        0.47489    0.0000       0.0336     -0.0000     -0.0000      0.0004       -0.0000      1.1096     -0.0000     -0.0000
  8        0.48050    0.0000      -0.0000      0.0452      0.0000      0.0007        0.1214     -0.0000      0.0000     -0.0000
  9        0.48114    0.0000      -0.0000      0.0000     -1.1287      0.4086        0.0000     -0.0000     -0.0000      0.0000
 10        0.53770    0.0000       0.0000      0.0000     -0.8845      0.2804        0.0000     -0.0000     -0.0000      0.0000

State IPR: 
   0.00236817    3.31625182    3.30799763    3.25110022    1.65310671    3.73821130    3.80253591    3.60421380    1.36719332    2.67689431 


scf_type: RKS
occupation: 2
has_offdiag inter-fragment coupling? False
ab_initio Rabi collective polariton energy:
   0.13650729    0.14733604    0.33859309    0.35796415    0.37876010    0.39343055    0.47491186    0.48050124    0.48119116    0.53736650 


ab_initio Rabi collective photon contribution:
   0.98395255    0.00000000    0.00000000    0.01188138    0.00000000    0.00000000    0.00000747    0.00000000    0.00000000    0.00000000 


ab_initio Rabi collective electron contribution:
   0.01604745    1.00000000    1.00000000    0.98811862    1.00000000    1.00000000    0.99999253    1.00000000    1.00000000    1.00000000 

state     energy(au)  photon          x           y           z           f            mx          my          mz           r
  1        0.13651    0.9840       0.3960     -0.0000     -0.0000      0.0143        0.0000     -0.0717     -0.0000      0.0000
  2        0.14734    0.0000      -0.0000      0.0000     -0.0000      0.0000        0.0000      0.0000     -1.2054      0.0000
  3        0.33859    0.0000      -0.0000     -0.1344     -0.0000      0.0041        1.6306      0.0000     -0.0000     -0.0000
  4        0.35796    0.0119       0.9306     -0.0000     -0.0000      0.2067        0.0000     -0.7559     -0.0000      0.0000
  5        0.37876    0.0000      -0.0000      0.0000      0.3442      0.0299        0.0000      0.0000      0.0000      0.0000
  6        0.39343    0.0000      -0.0000     -0.0000      0.0000      0.0000        0.0000      0.0000      0.6015      0.0000
  7        0.47491    0.0000       0.0388     -0.0000     -0.0000      0.0005       -0.0000      1.1104     -0.0000     -0.0000
  8        0.48050    0.0000       0.0000      0.0452      0.0000      0.0007        0.1214      0.0000      0.0000      0.0000
  9        0.48119    0.0000       0.0000     -0.0000      1.1157      0.3993       -0.0000      0.0000      0.0000      0.0000
 10        0.53737    0.0000       0.0000      0.0000     -0.8569      0.2630        0.0000     -0.0000     -0.0000      0.0000

State IPR: 
   0.00417552    3.31625167    3.30799761    3.37426827    1.64624838    3.73821126    3.80017090    3.60421413    1.36535435    2.68070529 


scf_type: RKS
occupation: 2
has_offdiag inter-fragment coupling? False
ab_initio PF collective polariton energy:
   0.13760535    0.14733604    0.33859309    0.36594858    0.37929866    0.39343055    0.47488919    0.48050124    0.48114014    0.53770163 


ab_initio PF collective photon contribution:
   0.98755709    0.00000000    0.00000000    0.00903635    0.00000000    0.00000000    0.00000575    0.00000000    0.00000000    0.00000000 


ab_initio PF collective electron contribution:
   0.01244291    1.00000000    1.00000000    0.99096365    1.00000000    1.00000000    0.99999425    1.00000000    1.00000000    1.00000000 

state     energy(au)  photon          x           y           z           f            mx          my          mz           r
  1        0.13761    0.9876      -0.3565      0.0000     -0.0000      0.0117        0.0000      0.0599     -0.0000     -0.0000
  2        0.14734    0.0000      -0.0000      0.0000     -0.0000      0.0000       -0.0000      0.0000      1.2054     -0.0000
  3        0.33859    0.0000       0.0000     -0.1344      0.0000      0.0041        1.6306     -0.0000     -0.0000      0.0000
  4        0.36595    0.0090       0.8462      0.0000      0.0000      0.1747       -0.0000     -0.7371      0.0000     -0.0000
  5        0.37930    0.0000      -0.0000     -0.0000      0.3520      0.0313        0.0000      0.0000     -0.0000     -0.0000
  6        0.39343    0.0000      -0.0000      0.0000     -0.0000      0.0000       -0.0000      0.0000     -0.6015      0.0000
  7        0.47489    0.0000       0.0340      0.0000     -0.0000      0.0004        0.0000      1.1097     -0.0000      0.0000
  8        0.48050    0.0000       0.0000     -0.0452      0.0000      0.0007       -0.1214      0.0000     -0.0000     -0.0000
  9        0.48114    0.0000      -0.0000     -0.0000     -1.1287      0.4086       -0.0000     -0.0000     -0.0000      0.0000
 10        0.53770    0.0000      -0.0000      0.0000     -0.8845      0.2804        0.0000     -0.0000      0.0000     -0.0000

State IPR: 
   0.00270338    3.31625167    3.30799765    3.28826026    1.65310671    3.73821134    3.80267995    3.60421389    1.36719329    2.67689415 


qed/tdscf/collective_polariton.py examples/03-qed-tddft.in total wall time:      9.77 sec, and cpu time:      9.69 sec
